bcr_sample_barcode	bcr_aliquot_barcode	amount	concentration
TCGA-00-0001-01A	TCGA-00-0001-01A-01D-0001-00	10 ug	0.1 ug/uL
TCGA-00-0001-01A	TCGA-00-0001-01A-01D-0002-00	20 ug	0.2 ug/uL
TCGA-00-0001-02A	TCGA-00-0001-02A-01D-0001-00	30 ug	0.3 ug/uL
TCGA-00-0001-03A	TCGA-00-0001-03A-01D-0001-00	40 ug	0.4 ug/uL
TCGA-00-0001-03A	TCGA-00-0001-03A-01D-0002-00	50 ug	0.5 ug/uL
TCGA-00-0002-01A	TCGA-00-0002-01A-01D-0001-00	60 ug	0.6 ug/uL
TCGA-00-0002-02A	TCGA-00-0002-02A-01D-0001-00	70 ug	0.7 ug/uL
TCGA-00-0002-02A	TCGA-00-0002-02A-01D-0002-00	80 ug	0.8 ug/uL
TCGA-00-0002-02A	TCGA-00-0002-02A-01D-0003-00	90 ug	0.9 ug/uL
