bcr_patient_barcode	amount
TCGA-00-0001	100mL
TCGA-00-0001	90mL
TCGA-00-0002	80mL
