bcr_patient_barcode	gender
TCGA-00-0001	MALE
TCGA-00-0002	MALE
