bcr_patient_barcode	gender
TCGA-00-0001	FEMALE
TCGA-00-0002	MALE
