bcr_sample_barcode	sample_type
TCGA-00-0001-01A	tumor
TCGA-00-0001-02A	normal
TCGA-00-0001-03A	blood
TCGA-00-0002-01A	tumor
TCGA-00-0002-02A	normal
