VARNAME	VARDESC	TYPE	VALUES
BCRPATIENTBARCODE	Patient barcode, same as SUBJID	string	
DISEASETYPE	Disease type	string	GBM
CONSENT	Consent group as determined by DAC	encoded value	1=General Research Use
