BCRPATIENTBARCODE	GENDER	VITALSTATUS
1234	F	Alive
5678	M	Dead
0000	F	Dead
