BCRPATIENTBARCODE	BCRALIQUOTBARCODE
1234	aliquot1
5678	aliquot2
