VARNAME	VARDESC	TYPE	VALUES
BCRPATIENTBARCODE	Equivalent to SUBJID	string	
KARNOFSKYPERFORMANCESCORE	Karnofsky performance score at examination	string	
