VARNAME	VARDESC	TYPE	VALUES
BCRPATIENTBARCODE	Equivalent to SUBJID	string	
BCRALIQUOTBARCODE	Equivalent to SAMPID	string	
