BCRPATIENTBARCODE	DRUGNAME
1234	drug1
5678	drug2
1234	drug3
