BCRPATIENTBARCODE	PROCEDURETYPE
1234	surg
1234	surg2
1234	surg3
