BCRPATIENTBARCODE	RADIATIONDOSAGE
1234	1000
1234	2000
5678	3000
