BCRSLIDEBARCODE	BCRALIQUOTBARCODE	PERCENTTUMORCELLS
slide1	aliquot1	50%
slide1	aliquot2	50%
slide2	aliquot1	4%
