VARNAME	VARDESC	TYPE	VALUES
BCRPATIENTBARCODE	Equivalent to SUBJID	string	
DRUGNAME	Drug name	string	
