VARNAME	VARDESC	TYPE	VALUES
BCRALIQUOTBARCODE	Equvalent to SAMPID	string	
AMOUNT	Amount of sample in uL	string	
GELIMAGEFILE	Name of image file for analyte	string	
