VARNAME	VARDESC	TYPE	VALUES
BCRSLIDEBARCODE	Slide id	string	
BCRALIQUOTBARCODE	Sample id	string	
PERCENTTUMORCELLS	Percent of cells determined to be tumor	string	
