BCRPATIENTBARCODE	DISEASETYPE	CONSENT
1234	GBM	1
5678	GBM	1
0000	GBM	1
