VARNAME	VARDESC	TYPE	VALUES
BCRPATIENTBARCODE	Patient barcode, same as SUBJID	string	
GENDER	Patient gender	string	Male	Female	Unspecified	
VITALSTATUS	Vital status of patient	string	Alive	Dead	Unknown	
