BCRALIQUOTBARCODE	AMOUNT	GELIMAGEFILE
123456789	12	file1
987654321	8	file2