VARNAME	VARDESC	TYPE	VALUES
BCRPATIENTBARCODE	Equivalent to SUBJID	string	
RADIATIONDOSAGE	Dosage per treatment	string	
