VARNAME	VARDESC	TYPE	VALUES
BCRPATIENTBARCODE	Equivalent to SUBJID	string	
PROCEDURETYPE	Type of procedure	string	
