BCRPATIENTBARCODE	KARNOFSKYPERFORMANCESCORE
1234	70
5678	80
5678	90
