ID	Disease	Item Type	Item Barcode	Annotation Classification	Annotation Category	Annotation Notes	Date Created	Created By	Status
10	GBM	my item type	my item barcode	my classification	my category	note	01/02/1970	me	Approved
