Hugo_Symbol	Entrez_Gene_Id	Center	Ncbi_Build	Chrom	Start_Position	End_Position	Strand	Variant_Classification	Variant_Type	Reference_Allele	Tumor_Seq_Allele1	Tumor_Seq_Allele2	Dbsnp_Rs	Dbsnp_Val_Status	Tumor_Sample_Barcode	Match_Norm_Sample_Barcode	Match_Norm_Seq_Allele1	Match_Norm_Seq_Allele2	Tumor_Validation_Allele1	Tumor_Validation_Allele2	Match_Norm_Validation_Allele1	Match_Norm_Validation_Allele2	Verification_Status	Validation_Status	Mutation_Status	Sequencing_Phase	Sequence_Source	Validation_Method	Score	Bam_File	Sequencer
A2M	0	genome.wustl.edu	36	12	9123535	9123535	+	Missense_Mutation	SNP	T	C	C	rs669	Unknown	TCGA-02-0037-01A-01W	TCGA-02-0037-10A-01W	C	C						Unknown	Germline	Phase I	Capture	Sequenom			Illumina GAIIx
