Hugo_Symbol	Entrez_Gene_Id	Center	Ncbi_Build	Chrom	Start_Position	End_Position	Strand	Variant_Classification	Variant_Type	Reference_Allele	Tumor_Seq_Allele1	Tumor_Seq_Allele2	Dbsnp_Rs	Dbsnp_Val_Status	Tumor_Sample_Barcode	Match_Norm_Sample_Barcode	Match_Norm_Seq_Allele1	Match_Norm_Seq_Allele2	Tumor_Validation_Allele1	Tumor_Validation_Allele2	Match_Norm_Validation_Allele1	Match_Norm_Validation_Allele2	Verification_Status	Validation_Status	Mutation_Status	Sequencing_Phase	Sequence_Source	Validation_Method	Score	Bam_File	Sequencer
GENE1	10	genome.wustl.edu	16	1	100	1001	+	Missense	type1	A	A	T	dbsnp_rs_val1	dbsnp_val_status_val1	TCGA-06-0178-01A-01W-0254-09	TCGA-06-0178-10A-01W-0254-09	T	T						Valid	Somatic	Phase I	Capture	Sequenom			Illumina GAIIx
GENE2	20	genome.wustl.edu	16	2	200	1002	+	Nonsense	type2	G	G	C	dbsnp_rs_val2	dbsnp_val_status_val2	TCGA-06-0178-01A-01W-0254-09	TCGA-06-0178-10A-01W-0254-09	C	C						Valid	Somatic	Phase I	Capture	Sequenom			Illumina GAIIx
GENE3	30	genome.wustl.edu	16	3	300	1003	+	Silent	type3	C	C	G	dbsnp_rs_val3	dbsnp_val_status_val3	TCGA-06-0178-01A-01W-0254-09	TCGA-06-0178-10A-01W-0254-09	G	G						Valid	Somatic	Phase I	Capture	Sequenom			Illumina GAIIx
GENE4	40	genome.wustl.edu	16	4	400	1004	+	SNP	type4	T	T	A	dbsnp_rs_val4	dbsnp_val_status_val4	TCGA-02-0104-01A-01W-0318-09	TCGA-02-0104-10A-01W-0318-09	A	A						Unknown	Somatic	Phase I	Capture	Sequenom			Illumina GAIIx
GENE5	50	genome.wustl.edu	16	5	500	1005	+	DNP	type5	A	A	T	dbsnp_rs_val5	dbsnp_val_status_val5	TCGA-02-0104-01A-01W-0318-09	TCGA-02-0104-10A-01W-0318-09	T	T						Valid	Germline	Phase I	Capture	Sequenom			Illumina GAIIx
