A	Batch 55	9	02009.April.29 AD 07:57 PM	2	IlluminaGA_DNASeq	40	7	TCGA-A7-A0CE-01	TN	TCGA-A7-A0CE-01A-11W-A019-09	TCGA-A7-A0CE-10A-01W-A021-09
A	Unclassified	9	02009.April.29 AD 07:57 PM	2	IlluminaGA_DNASeq	40	7	TCGA-A7-A0CE-10	NT	TCGA-A7-A0CE-01A-11W-A019-09	TCGA-A7-A0CE-10A-01W-A021-09
A	Batch 5	9	02009.June.16 AD 04:49 PM	2	ABI	17	7	TCGA-02-0037-01	TN	TCGA-02-0037-01A-01W	TCGA-02-0037-10A-01W
A	Unclassified	9	02009.June.16 AD 04:49 PM	2	ABI	17	7	TCGA-02-0037-10	NT	TCGA-02-0037-01A-01W	TCGA-02-0037-10A-01W
A	Unclassified	9	02009.June.16 AD 04:49 PM	2	IlluminaGA_DNASeq	40	7	TCGA-A7-A0CE-11	NT	TCGA-A7-A0CE-01A-11W-A019-09	TCGA-A7-A0CE-11A-21W-A100-09
A	Batch 42	9	02010.December.09 AD 04:54 PM	2	DNASeq	18	7	TCGA-02-0104-01	TN	TCGA-02-0104-01A-01W-0318-09	TCGA-02-0104-10A-01W-0318-09
A	Batch 42	9	02010.December.09 AD 04:54 PM	2	DNASeq	18	7	TCGA-02-0104-10	NT	TCGA-02-0104-01A-01W-0318-09	TCGA-02-0104-10A-01W-0318-09
A	Batch 8	9	02010.December.09 AD 04:54 PM	2	DNASeq	18	7	TCGA-06-0178-01	TN	TCGA-06-0178-01A-01W-0254-09	TCGA-06-0178-10A-01W-0254-09
A	Batch 8	9	02010.December.09 AD 04:54 PM	3	DNASeq	18	7	TCGA-06-0178-01	TN	TCGA-06-0178-01A-01W-0254-09	TCGA-06-0178-10A-01W-0254-09
A	Batch 8	9	02010.December.09 AD 04:54 PM	2	DNASeq	18	7	TCGA-06-0178-10	NT	TCGA-06-0178-01A-01W-0254-09	TCGA-06-0178-10A-01W-0254-09
A	Batch 8	9	02010.December.09 AD 04:54 PM	3	DNASeq	18	7	TCGA-06-0178-10	NT	TCGA-06-0178-01A-01W-0254-09	TCGA-06-0178-10A-01W-0254-09
