TCGA-02-0037-01A-01W;	9	selected_samples	genome.wustl.edu__Applied_Biosystems_Sequence_data_level2.maf	2		17	7		175
TCGA-02-0104-01A-01W-0318-09;TCGA-06-0178-01A-01W-0254-09;	9	selected_samples	genome.wustl.edu__DNA_Sequencing_level2.maf	2		18	7		875
TCGA-06-0178-01A-01W-0254-09;	9	selected_samples	genome.wustl.edu__DNA_Sequencing_level3.maf	3		18	7		525
TCGA-A7-A0CE-01A-11W-A019-09;	9	selected_samples	genome.wustl.edu__Illumina_Genome_Analyzer_DNA_Sequencing_level2.maf	2		40	7		4725