Hugo_Symbol	Entrez_Gene_Id	Center	Ncbi_Build	Chrom	Start_Position	End_Position	Strand	Variant_Classification	Variant_Type	Reference_Allele	Tumor_Seq_Allele1	Tumor_Seq_Allele2	Dbsnp_Rs	Dbsnp_Val_Status	Tumor_Sample_Barcode	Match_Norm_Sample_Barcode	Match_Norm_Seq_Allele1	Match_Norm_Seq_Allele2	Tumor_Validation_Allele1	Tumor_Validation_Allele2	Match_Norm_Validation_Allele1	Match_Norm_Validation_Allele2	Verification_Status	Validation_Status	Mutation_Status	Sequencing_Phase	Sequence_Source	Validation_Method	Score	Bam_File	Sequencer
ABCA9	10350	genome.wustl.edu	37	17	67020435	67020435	+	Missense_Mutation	SNP	A	A	G	novel	Unknown	TCGA-A7-A0CE-01A-11W-A019-09	TCGA-A7-A0CE-10A-01W-A021-09	A	A						Unknown	Somatic	Phase_IV	Capture		1	dbGAP	Illumina GAIIx
ABCA9	10350	genome.wustl.edu	37	17	67020435	67020435	+	Missense_Mutation	SNP	A	A	G	novel	Unknown	TCGA-A7-A0CE-01A-11W-A019-09	TCGA-A7-A0CE-10A-01W-A021-09	A	A						Unknown	Somatic	Phase_IV	Capture		1	dbGAP	Illumina GAIIx
ANK1	286	genome.wustl.edu	37	8 	41615631	41615631	+	Nonsense_Mutation	SNP	T	T	A	novel	Unknown	TCGA-A7-A0CE-01A-11W-A019-09	TCGA-A7-A0CE-10A-01W-A021-09	T	T						Unknown	Somatic	Phase_IV	Capture		1	dbGAP	Illumina GAIIx
ANK1	286	genome.wustl.edu	37	8 	41615631	41615631	+	Nonsense_Mutation	SNP	T	T	A	novel	Unknown	TCGA-A7-A0CE-01A-11W-A019-09	TCGA-A7-A0CE-11A-21W-A100-09	T	T						Unknown	Somatic	Phase_IV	Capture		1	dbGAP	Illumina GAIIx
ANK1	286	genome.wustl.edu	37	8 	41615631	41615631	+	Nonsense_Mutation	SNP	T	T	A	novel	Unknown	TCGA-A7-A0CE-01A-11W-A019-09	TCGA-A7-A0CE-11A-21W-A100-09	T	T						Unknown	Somatic	Phase_IV	Capture		1	dbGAP	Illumina GAIIx
ANK1	286	genome.wustl.edu	37	8 	41615631	41615631	+	Nonsense_Mutation	SNP	T	T	A	novel	Unknown	TCGA-A7-A0CE-01A-11W-A019-09	TCGA-A7-A0CE-10A-01W-A021-09	T	T						Unknown	Somatic	Phase_IV	Capture		1	dbGAP	Illumina GAIIx
ANLN	54443	genome.wustl.edu	37	7 	36438976	36438976	+	Missense_Mutation	SNP	G	G	C	novel	Unknown	TCGA-A7-A0CE-01A-11W-A019-09	TCGA-A7-A0CE-10A-01W-A021-09	G	G						Unknown	Somatic	Phase_IV	Capture		1	dbGAP	Illumina GAIIx
ANLN	54443	genome.wustl.edu	37	7 	36438976	36438976	+	Missense_Mutation	SNP	G	G	C	novel	Unknown	TCGA-A7-A0CE-01A-11W-A019-09	TCGA-A7-A0CE-10A-01W-A021-09	G	G						Unknown	Somatic	Phase_IV	Capture		1	dbGAP	Illumina GAIIx
ATP6V1C1	528	genome.wustl.edu	37	8 	104078638	104078638	+	Missense_Mutation	SNP	A	A	G	novel	Unknown	TCGA-A7-A0CE-01A-11W-A019-09	TCGA-A7-A0CE-10A-01W-A021-09	A	A						Unknown	Somatic	Phase_IV	Capture		1	dbGAP	Illumina GAIIx
ATP6V1C1	528	genome.wustl.edu	37	8 	104078638	104078638	+	Missense_Mutation	SNP	A	A	G	novel	Unknown	TCGA-A7-A0CE-01A-11W-A019-09	TCGA-A7-A0CE-10A-01W-A021-09	A	A						Unknown	Somatic	Phase_IV	Capture		1	dbGAP	Illumina GAIIx
BCHE	590	genome.wustl.edu	37	3 	165491226	165491226	+	Missense_Mutation	SNP	A	A	T	novel	Unknown	TCGA-A7-A0CE-01A-11W-A019-09	TCGA-A7-A0CE-10A-01W-A021-09	A	A						Unknown	Somatic	Phase_IV	Capture		1	dbGAP	Illumina GAIIx
BCHE	590	genome.wustl.edu	37	3 	165491226	165491226	+	Missense_Mutation	SNP	A	A	T	novel	Unknown	TCGA-A7-A0CE-01A-11W-A019-09	TCGA-A7-A0CE-10A-01W-A021-09	A	A						Unknown	Somatic	Phase_IV	Capture		1	dbGAP	Illumina GAIIx
BPTF	2186	genome.wustl.edu	37	17	65955782	65955783	+	In_Frame_Ins	SNP	-	-	GCC	novel	Unknown	TCGA-A7-A0CE-01A-11W-A019-09	TCGA-A7-A0CE-11A-21W-A100-09	-	-						Unknown	Somatic	Phase_IV	Capture		1	dbGAP	Illumina GAIIx
